Archive member included because of file (symbol)

c:/skuksenk/tools/embitz_042/share/em_armgcc/bin/../lib/gcc/arm-none-eabi/4.8.4/../../../../arm-none-eabi/lib/armv7-m\libc.a(lib_a-exit.o)
                              c:/skuksenk/tools/embitz_042/share/em_armgcc/bin/../lib/gcc/arm-none-eabi/4.8.4/../../../../arm-none-eabi/lib/armv7-m/crt0.o (exit)
c:/skuksenk/tools/embitz_042/share/em_armgcc/bin/../lib/gcc/arm-none-eabi/4.8.4/../../../../arm-none-eabi/lib/armv7-m\libc.a(lib_a-impure.o)
                              c:/skuksenk/tools/embitz_042/share/em_armgcc/bin/../lib/gcc/arm-none-eabi/4.8.4/../../../../arm-none-eabi/lib/armv7-m\libc.a(lib_a-exit.o) (_global_impure_ptr)
c:/skuksenk/tools/embitz_042/share/em_armgcc/bin/../lib/gcc/arm-none-eabi/4.8.4/../../../../arm-none-eabi/lib/armv7-m\libc.a(lib_a-init.o)
                              c:/skuksenk/tools/embitz_042/share/em_armgcc/bin/../lib/gcc/arm-none-eabi/4.8.4/../../../../arm-none-eabi/lib/armv7-m/crt0.o (__libc_init_array)
c:/skuksenk/tools/embitz_042/share/em_armgcc/bin/../lib/gcc/arm-none-eabi/4.8.4/../../../../arm-none-eabi/lib/armv7-m\libc.a(lib_a-memset.o)
                              c:/skuksenk/tools/embitz_042/share/em_armgcc/bin/../lib/gcc/arm-none-eabi/4.8.4/../../../../arm-none-eabi/lib/armv7-m/crt0.o (memset)
c:/skuksenk/tools/embitz_042/share/em_armgcc/bin/../lib/gcc/arm-none-eabi/4.8.4/../../../../arm-none-eabi/lib/armv7-m\libc.a(lib_a-__call_atexit.o)
                              c:/skuksenk/tools/embitz_042/share/em_armgcc/bin/../lib/gcc/arm-none-eabi/4.8.4/../../../../arm-none-eabi/lib/armv7-m\libc.a(lib_a-exit.o) (__call_exitprocs)
c:/skuksenk/tools/embitz_042/share/em_armgcc/bin/../lib/gcc/arm-none-eabi/4.8.4/../../../../arm-none-eabi/lib/armv7-m\libc.a(lib_a-atexit.o)
                              c:/skuksenk/tools/embitz_042/share/em_armgcc/bin/../lib/gcc/arm-none-eabi/4.8.4/../../../../arm-none-eabi/lib/armv7-m\libc.a(lib_a-__call_atexit.o) (atexit)
c:/skuksenk/tools/embitz_042/share/em_armgcc/bin/../lib/gcc/arm-none-eabi/4.8.4/../../../../arm-none-eabi/lib/armv7-m\libc.a(lib_a-fini.o)
                              c:/skuksenk/tools/embitz_042/share/em_armgcc/bin/../lib/gcc/arm-none-eabi/4.8.4/../../../../arm-none-eabi/lib/armv7-m\libc.a(lib_a-__call_atexit.o) (__libc_fini_array)
c:/skuksenk/tools/embitz_042/share/em_armgcc/bin/../lib/gcc/arm-none-eabi/4.8.4/../../../../arm-none-eabi/lib/armv7-m\libc.a(lib_a-__atexit.o)
                              c:/skuksenk/tools/embitz_042/share/em_armgcc/bin/../lib/gcc/arm-none-eabi/4.8.4/../../../../arm-none-eabi/lib/armv7-m\libc.a(lib_a-atexit.o) (__register_exitproc)
c:/skuksenk/tools/embitz_042/share/em_armgcc/bin/../lib/gcc/arm-none-eabi/4.8.4/../../../../arm-none-eabi/lib/armv7-m\libg_n.a(lib_a-memcpy-stub.o)
                              obj\debug\~#\lib\freertosv8.2.3\freertos\source\queue.o (memcpy)
c:/skuksenk/tools/embitz_042/share/em_armgcc/bin/../lib/gcc/arm-none-eabi/4.8.4/../../../../arm-none-eabi/lib/armv7-m\libnosys_s.a(_exit.o)
                              c:/skuksenk/tools/embitz_042/share/em_armgcc/bin/../lib/gcc/arm-none-eabi/4.8.4/../../../../arm-none-eabi/lib/armv7-m\libc.a(lib_a-exit.o) (_exit)

Allocating common symbols
Common symbol       size              file

pFlash              0x20              obj\debug\hal\src\stm32f1xx_hal_flash.o

Discarded input sections

 .text          0x00000000        0x0 c:/skuksenk/tools/embitz_042/share/em_armgcc/bin/../lib/gcc/arm-none-eabi/4.8.4/armv7-m/crti.o
 .data          0x00000000        0x0 c:/skuksenk/tools/embitz_042/share/em_armgcc/bin/../lib/gcc/arm-none-eabi/4.8.4/armv7-m/crti.o
 .bss           0x00000000        0x0 c:/skuksenk/tools/embitz_042/share/em_armgcc/bin/../lib/gcc/arm-none-eabi/4.8.4/armv7-m/crti.o
 .data          0x00000000        0x4 c:/skuksenk/tools/embitz_042/share/em_armgcc/bin/../lib/gcc/arm-none-eabi/4.8.4/armv7-m/crtbegin.o
 .text          0x00000000       0x74 c:/skuksenk/tools/embitz_042/share/em_armgcc/bin/../lib/gcc/arm-none-eabi/4.8.4/../../../../arm-none-eabi/lib/armv7-m/crt0.o
 .data          0x00000000        0x0 c:/skuksenk/tools/embitz_042/share/em_armgcc/bin/../lib/gcc/arm-none-eabi/4.8.4/../../../../arm-none-eabi/lib/armv7-m/crt0.o
 .bss           0x00000000        0x0 c:/skuksenk/tools/embitz_042/share/em_armgcc/bin/../lib/gcc/arm-none-eabi/4.8.4/../../../../arm-none-eabi/lib/armv7-m/crt0.o
 .ARM.extab     0x00000000        0x0 c:/skuksenk/tools/embitz_042/share/em_armgcc/bin/../lib/gcc/arm-none-eabi/4.8.4/../../../../arm-none-eabi/lib/armv7-m/crt0.o
 .ARM.exidx     0x00000000        0x8 c:/skuksenk/tools/embitz_042/share/em_armgcc/bin/../lib/gcc/arm-none-eabi/4.8.4/../../../../arm-none-eabi/lib/armv7-m/crt0.o
 .ARM.attributes
                0x00000000       0x1b c:/skuksenk/tools/embitz_042/share/em_armgcc/bin/../lib/gcc/arm-none-eabi/4.8.4/../../../../arm-none-eabi/lib/armv7-m/crt0.o
 .text          0x00000000        0x0 c:/skuksenk/tools/embitz_042/share/em_armgcc/bin/../lib/gcc/arm-none-eabi/4.8.4/../../../../arm-none-eabi/lib/armv7-m\libc.a(lib_a-exit.o)
 .data          0x00000000        0x0 c:/skuksenk/tools/embitz_042/share/em_armgcc/bin/../lib/gcc/arm-none-eabi/4.8.4/../../../../arm-none-eabi/lib/armv7-m\libc.a(lib_a-exit.o)
 .bss           0x00000000        0x0 c:/skuksenk/tools/embitz_042/share/em_armgcc/bin/../lib/gcc/arm-none-eabi/4.8.4/../../../../arm-none-eabi/lib/armv7-m\libc.a(lib_a-exit.o)
 .text.exit     0x00000000       0x20 c:/skuksenk/tools/embitz_042/share/em_armgcc/bin/../lib/gcc/arm-none-eabi/4.8.4/../../../../arm-none-eabi/lib/armv7-m\libc.a(lib_a-exit.o)
 .ARM.attributes
                0x00000000       0x2d c:/skuksenk/tools/embitz_042/share/em_armgcc/bin/../lib/gcc/arm-none-eabi/4.8.4/../../../../arm-none-eabi/lib/armv7-m\libc.a(lib_a-exit.o)
 .debug_frame   0x00000000       0x28 c:/skuksenk/tools/embitz_042/share/em_armgcc/bin/../lib/gcc/arm-none-eabi/4.8.4/../../../../arm-none-eabi/lib/armv7-m\libc.a(lib_a-exit.o)
 .text          0x00000000        0x0 c:/skuksenk/tools/embitz_042/share/em_armgcc/bin/../lib/gcc/arm-none-eabi/4.8.4/../../../../arm-none-eabi/lib/armv7-m\libc.a(lib_a-impure.o)
 .data          0x00000000        0x0 c:/skuksenk/tools/embitz_042/share/em_armgcc/bin/../lib/gcc/arm-none-eabi/4.8.4/../../../../arm-none-eabi/lib/armv7-m\libc.a(lib_a-impure.o)
 .bss           0x00000000        0x0 c:/skuksenk/tools/embitz_042/share/em_armgcc/bin/../lib/gcc/arm-none-eabi/4.8.4/../../../../arm-none-eabi/lib/armv7-m\libc.a(lib_a-impure.o)
 .data._impure_ptr
                0x00000000        0x4 c:/skuksenk/tools/embitz_042/share/em_armgcc/bin/../lib/gcc/arm-none-eabi/4.8.4/../../../../arm-none-eabi/lib/armv7-m\libc.a(lib_a-impure.o)
 .ARM.attributes
                0x00000000       0x2d c:/skuksenk/tools/embitz_042/share/em_armgcc/bin/../lib/gcc/arm-none-eabi/4.8.4/../../../../arm-none-eabi/lib/armv7-m\libc.a(lib_a-impure.o)
 .text          0x00000000        0x0 c:/skuksenk/tools/embitz_042/share/em_armgcc/bin/../lib/gcc/arm-none-eabi/4.8.4/../../../../arm-none-eabi/lib/armv7-m\libc.a(lib_a-init.o)
 .data          0x00000000        0x0 c:/skuksenk/tools/embitz_042/share/em_armgcc/bin/../lib/gcc/arm-none-eabi/4.8.4/../../../../arm-none-eabi/lib/armv7-m\libc.a(lib_a-init.o)
 .bss           0x00000000        0x0 c:/skuksenk/tools/embitz_042/share/em_armgcc/bin/../lib/gcc/arm-none-eabi/4.8.4/../../../../arm-none-eabi/lib/armv7-m\libc.a(lib_a-init.o)
 .ARM.attributes
                0x00000000       0x2d c:/skuksenk/tools/embitz_042/share/em_armgcc/bin/../lib/gcc/arm-none-eabi/4.8.4/../../../../arm-none-eabi/lib/armv7-m\libc.a(lib_a-init.o)
 .debug_frame   0x00000000       0x2c c:/skuksenk/tools/embitz_042/share/em_armgcc/bin/../lib/gcc/arm-none-eabi/4.8.4/../../../../arm-none-eabi/lib/armv7-m\libc.a(lib_a-init.o)
 .text          0x00000000        0x0 c:/skuksenk/tools/embitz_042/share/em_armgcc/bin/../lib/gcc/arm-none-eabi/4.8.4/../../../../arm-none-eabi/lib/armv7-m\libc.a(lib_a-memset.o)
 .data          0x00000000        0x0 c:/skuksenk/tools/embitz_042/share/em_armgcc/bin/../lib/gcc/arm-none-eabi/4.8.4/../../../../arm-none-eabi/lib/armv7-m\libc.a(lib_a-memset.o)
 .bss           0x00000000        0x0 c:/skuksenk/tools/embitz_042/share/em_armgcc/bin/../lib/gcc/arm-none-eabi/4.8.4/../../../../arm-none-eabi/lib/armv7-m\libc.a(lib_a-memset.o)
 .ARM.attributes
                0x00000000       0x2d c:/skuksenk/tools/embitz_042/share/em_armgcc/bin/../lib/gcc/arm-none-eabi/4.8.4/../../../../arm-none-eabi/lib/armv7-m\libc.a(lib_a-memset.o)
 .debug_frame   0x00000000       0x2c c:/skuksenk/tools/embitz_042/share/em_armgcc/bin/../lib/gcc/arm-none-eabi/4.8.4/../../../../arm-none-eabi/lib/armv7-m\libc.a(lib_a-memset.o)
 .text          0x00000000        0x0 c:/skuksenk/tools/embitz_042/share/em_armgcc/bin/../lib/gcc/arm-none-eabi/4.8.4/../../../../arm-none-eabi/lib/armv7-m\libc.a(lib_a-__call_atexit.o)
 .data          0x00000000        0x0 c:/skuksenk/tools/embitz_042/share/em_armgcc/bin/../lib/gcc/arm-none-eabi/4.8.4/../../../../arm-none-eabi/lib/armv7-m\libc.a(lib_a-__call_atexit.o)
 .bss           0x00000000        0x0 c:/skuksenk/tools/embitz_042/share/em_armgcc/bin/../lib/gcc/arm-none-eabi/4.8.4/../../../../arm-none-eabi/lib/armv7-m\libc.a(lib_a-__call_atexit.o)
 .text.__call_exitprocs
                0x00000000       0xf0 c:/skuksenk/tools/embitz_042/share/em_armgcc/bin/../lib/gcc/arm-none-eabi/4.8.4/../../../../arm-none-eabi/lib/armv7-m\libc.a(lib_a-__call_atexit.o)
 .ARM.attributes
                0x00000000       0x2d c:/skuksenk/tools/embitz_042/share/em_armgcc/bin/../lib/gcc/arm-none-eabi/4.8.4/../../../../arm-none-eabi/lib/armv7-m\libc.a(lib_a-__call_atexit.o)
 .debug_frame   0x00000000       0x48 c:/skuksenk/tools/embitz_042/share/em_armgcc/bin/../lib/gcc/arm-none-eabi/4.8.4/../../../../arm-none-eabi/lib/armv7-m\libc.a(lib_a-__call_atexit.o)
 .text          0x00000000        0x0 c:/skuksenk/tools/embitz_042/share/em_armgcc/bin/../lib/gcc/arm-none-eabi/4.8.4/../../../../arm-none-eabi/lib/armv7-m\libc.a(lib_a-atexit.o)
 .data          0x00000000        0x0 c:/skuksenk/tools/embitz_042/share/em_armgcc/bin/../lib/gcc/arm-none-eabi/4.8.4/../../../../arm-none-eabi/lib/armv7-m\libc.a(lib_a-atexit.o)
 .bss           0x00000000        0x0 c:/skuksenk/tools/embitz_042/share/em_armgcc/bin/../lib/gcc/arm-none-eabi/4.8.4/../../../../arm-none-eabi/lib/armv7-m\libc.a(lib_a-atexit.o)
 .ARM.attributes
                0x00000000       0x2d c:/skuksenk/tools/embitz_042/share/em_armgcc/bin/../lib/gcc/arm-none-eabi/4.8.4/../../../../arm-none-eabi/lib/armv7-m\libc.a(lib_a-atexit.o)
 .debug_frame   0x00000000       0x20 c:/skuksenk/tools/embitz_042/share/em_armgcc/bin/../lib/gcc/arm-none-eabi/4.8.4/../../../../arm-none-eabi/lib/armv7-m\libc.a(lib_a-atexit.o)
 .text          0x00000000        0x0 c:/skuksenk/tools/embitz_042/share/em_armgcc/bin/../lib/gcc/arm-none-eabi/4.8.4/../../../../arm-none-eabi/lib/armv7-m\libc.a(lib_a-fini.o)
 .data          0x00000000        0x0 c:/skuksenk/tools/embitz_042/share/em_armgcc/bin/../lib/gcc/arm-none-eabi/4.8.4/../../../../arm-none-eabi/lib/armv7-m\libc.a(lib_a-fini.o)
 .bss           0x00000000        0x0 c:/skuksenk/tools/embitz_042/share/em_armgcc/bin/../lib/gcc/arm-none-eabi/4.8.4/../../../../arm-none-eabi/lib/armv7-m\libc.a(lib_a-fini.o)
 .ARM.attributes
                0x00000000       0x2d c:/skuksenk/tools/embitz_042/share/em_armgcc/bin/../lib/gcc/arm-none-eabi/4.8.4/../../../../arm-none-eabi/lib/armv7-m\libc.a(lib_a-fini.o)
 .debug_frame   0x00000000       0x2c c:/skuksenk/tools/embitz_042/share/em_armgcc/bin/../lib/gcc/arm-none-eabi/4.8.4/../../../../arm-none-eabi/lib/armv7-m\libc.a(lib_a-fini.o)
 .text          0x00000000        0x0 c:/skuksenk/tools/embitz_042/share/em_armgcc/bin/../lib/gcc/arm-none-eabi/4.8.4/../../../../arm-none-eabi/lib/armv7-m\libc.a(lib_a-__atexit.o)
 .data          0x00000000        0x0 c:/skuksenk/tools/embitz_042/share/em_armgcc/bin/../lib/gcc/arm-none-eabi/4.8.4/../../../../arm-none-eabi/lib/armv7-m\libc.a(lib_a-__atexit.o)
 .bss           0x00000000        0x0 c:/skuksenk/tools/embitz_042/share/em_armgcc/bin/../lib/gcc/arm-none-eabi/4.8.4/../../../../arm-none-eabi/lib/armv7-m\libc.a(lib_a-__atexit.o)
 .ARM.attributes
                0x00000000       0x2d c:/skuksenk/tools/embitz_042/share/em_armgcc/bin/../lib/gcc/arm-none-eabi/4.8.4/../../../../arm-none-eabi/lib/armv7-m\libc.a(lib_a-__atexit.o)
 .debug_frame   0x00000000       0x30 c:/skuksenk/tools/embitz_042/share/em_armgcc/bin/../lib/gcc/arm-none-eabi/4.8.4/../../../../arm-none-eabi/lib/armv7-m\libc.a(lib_a-__atexit.o)
 .bss           0x00000000        0x0 obj\debug\cmsis\src\system_stm32f1xx.o
 .data          0x00000000        0x0 obj\debug\hal\src\stm32f1xx_hal.o
 .data          0x00000000        0x0 obj\debug\hal\src\stm32f1xx_hal_cortex.o
 .bss           0x00000000        0x0 obj\debug\hal\src\stm32f1xx_hal_cortex.o
 .text          0x00000000      0x560 obj\debug\hal\src\stm32f1xx_hal_flash.o
 .data          0x00000000        0x0 obj\debug\hal\src\stm32f1xx_hal_flash.o
 .bss           0x00000000        0x0 obj\debug\hal\src\stm32f1xx_hal_flash.o
 .debug_info    0x00000000      0x4d1 obj\debug\hal\src\stm32f1xx_hal_flash.o
 .debug_abbrev  0x00000000      0x1dd obj\debug\hal\src\stm32f1xx_hal_flash.o
 .debug_aranges
                0x00000000       0x20 obj\debug\hal\src\stm32f1xx_hal_flash.o
 .debug_line    0x00000000      0x297 obj\debug\hal\src\stm32f1xx_hal_flash.o
 .debug_str     0x00000000      0x4a7 obj\debug\hal\src\stm32f1xx_hal_flash.o
 .comment       0x00000000       0x47 obj\debug\hal\src\stm32f1xx_hal_flash.o
 .ARM.attributes
                0x00000000       0x33 obj\debug\hal\src\stm32f1xx_hal_flash.o
 .debug_frame   0x00000000      0x198 obj\debug\hal\src\stm32f1xx_hal_flash.o
 COMMON         0x00000000       0x20 obj\debug\hal\src\stm32f1xx_hal_flash.o
 .text          0x00000000      0x894 obj\debug\hal\src\stm32f1xx_hal_flash_ex.o
 .data          0x00000000        0x0 obj\debug\hal\src\stm32f1xx_hal_flash_ex.o
 .bss           0x00000000        0x0 obj\debug\hal\src\stm32f1xx_hal_flash_ex.o
 .debug_info    0x00000000      0x8e4 obj\debug\hal\src\stm32f1xx_hal_flash_ex.o
 .debug_abbrev  0x00000000      0x263 obj\debug\hal\src\stm32f1xx_hal_flash_ex.o
 .debug_aranges
                0x00000000       0x20 obj\debug\hal\src\stm32f1xx_hal_flash_ex.o
 .debug_line    0x00000000      0x371 obj\debug\hal\src\stm32f1xx_hal_flash_ex.o
 .debug_str     0x00000000      0x5ed obj\debug\hal\src\stm32f1xx_hal_flash_ex.o
 .comment       0x00000000       0x47 obj\debug\hal\src\stm32f1xx_hal_flash_ex.o
 .ARM.attributes
                0x00000000       0x33 obj\debug\hal\src\stm32f1xx_hal_flash_ex.o
 .debug_frame   0x00000000      0x1f4 obj\debug\hal\src\stm32f1xx_hal_flash_ex.o
 .data          0x00000000        0x0 obj\debug\hal\src\stm32f1xx_hal_gpio.o
 .bss           0x00000000        0x0 obj\debug\hal\src\stm32f1xx_hal_gpio.o
 .text          0x00000000        0x0 obj\debug\hal\src\stm32f1xx_hal_pcd.o
 .data          0x00000000        0x0 obj\debug\hal\src\stm32f1xx_hal_pcd.o
 .bss           0x00000000        0x0 obj\debug\hal\src\stm32f1xx_hal_pcd.o
 .debug_info    0x00000000       0x99 obj\debug\hal\src\stm32f1xx_hal_pcd.o
 .debug_abbrev  0x00000000       0x4b obj\debug\hal\src\stm32f1xx_hal_pcd.o
 .debug_aranges
                0x00000000       0x18 obj\debug\hal\src\stm32f1xx_hal_pcd.o
 .debug_line    0x00000000       0xe3 obj\debug\hal\src\stm32f1xx_hal_pcd.o
 .debug_str     0x00000000      0x152 obj\debug\hal\src\stm32f1xx_hal_pcd.o
 .comment       0x00000000       0x47 obj\debug\hal\src\stm32f1xx_hal_pcd.o
 .ARM.attributes
                0x00000000       0x33 obj\debug\hal\src\stm32f1xx_hal_pcd.o
 .text          0x00000000        0x0 obj\debug\hal\src\stm32f1xx_hal_pcd_ex.o
 .data          0x00000000        0x0 obj\debug\hal\src\stm32f1xx_hal_pcd_ex.o
 .bss           0x00000000        0x0 obj\debug\hal\src\stm32f1xx_hal_pcd_ex.o
 .debug_info    0x00000000       0x99 obj\debug\hal\src\stm32f1xx_hal_pcd_ex.o
 .debug_abbrev  0x00000000       0x4b obj\debug\hal\src\stm32f1xx_hal_pcd_ex.o
 .debug_aranges
                0x00000000       0x18 obj\debug\hal\src\stm32f1xx_hal_pcd_ex.o
 .debug_line    0x00000000       0xe3 obj\debug\hal\src\stm32f1xx_hal_pcd_ex.o
 .debug_str     0x00000000      0x155 obj\debug\hal\src\stm32f1xx_hal_pcd_ex.o
 .comment       0x00000000       0x47 obj\debug\hal\src\stm32f1xx_hal_pcd_ex.o
 .ARM.attributes
                0x00000000       0x33 obj\debug\hal\src\stm32f1xx_hal_pcd_ex.o
 .text          0x00000000      0x3c0 obj\debug\hal\src\stm32f1xx_hal_pwr.o
 .data          0x00000000        0x0 obj\debug\hal\src\stm32f1xx_hal_pwr.o
 .bss           0x00000000        0x0 obj\debug\hal\src\stm32f1xx_hal_pwr.o
 .debug_info    0x00000000      0x8b8 obj\debug\hal\src\stm32f1xx_hal_pwr.o
 .debug_abbrev  0x00000000      0x245 obj\debug\hal\src\stm32f1xx_hal_pwr.o
 .debug_aranges
                0x00000000       0x20 obj\debug\hal\src\stm32f1xx_hal_pwr.o
 .debug_line    0x00000000      0x297 obj\debug\hal\src\stm32f1xx_hal_pwr.o
 .debug_str     0x00000000      0x462 obj\debug\hal\src\stm32f1xx_hal_pwr.o
 .comment       0x00000000       0x47 obj\debug\hal\src\stm32f1xx_hal_pwr.o
 .ARM.attributes
                0x00000000       0x33 obj\debug\hal\src\stm32f1xx_hal_pwr.o
 .debug_frame   0x00000000      0x1ec obj\debug\hal\src\stm32f1xx_hal_pwr.o
 .data          0x00000000        0x0 obj\debug\hal\src\stm32f1xx_hal_rcc.o
 .bss           0x00000000        0x0 obj\debug\hal\src\stm32f1xx_hal_rcc.o
 .text          0x00000000      0x44c obj\debug\hal\src\stm32f1xx_hal_rcc_ex.o
 .data          0x00000000        0x0 obj\debug\hal\src\stm32f1xx_hal_rcc_ex.o
 .bss           0x00000000        0x0 obj\debug\hal\src\stm32f1xx_hal_rcc_ex.o
 .rodata        0x00000000       0x14 obj\debug\hal\src\stm32f1xx_hal_rcc_ex.o
 .debug_info    0x00000000      0x6d4 obj\debug\hal\src\stm32f1xx_hal_rcc_ex.o
 .debug_abbrev  0x00000000      0x1e9 obj\debug\hal\src\stm32f1xx_hal_rcc_ex.o
 .debug_aranges
                0x00000000       0x20 obj\debug\hal\src\stm32f1xx_hal_rcc_ex.o
 .debug_line    0x00000000      0x308 obj\debug\hal\src\stm32f1xx_hal_rcc_ex.o
 .debug_str     0x00000000      0x362 obj\debug\hal\src\stm32f1xx_hal_rcc_ex.o
 .comment       0x00000000       0x47 obj\debug\hal\src\stm32f1xx_hal_rcc_ex.o
 .ARM.attributes
                0x00000000       0x33 obj\debug\hal\src\stm32f1xx_hal_rcc_ex.o
 .debug_frame   0x00000000       0x6c obj\debug\hal\src\stm32f1xx_hal_rcc_ex.o
 .text          0x00000000        0x0 obj\debug\hal\src\stm32f1xx_ll_usb.o
 .data          0x00000000        0x0 obj\debug\hal\src\stm32f1xx_ll_usb.o
 .bss           0x00000000        0x0 obj\debug\hal\src\stm32f1xx_ll_usb.o
 .debug_info    0x00000000       0x99 obj\debug\hal\src\stm32f1xx_ll_usb.o
 .debug_abbrev  0x00000000       0x4b obj\debug\hal\src\stm32f1xx_ll_usb.o
 .debug_aranges
                0x00000000       0x18 obj\debug\hal\src\stm32f1xx_ll_usb.o
 .debug_line    0x00000000       0xe3 obj\debug\hal\src\stm32f1xx_ll_usb.o
 .debug_str     0x00000000      0x151 obj\debug\hal\src\stm32f1xx_ll_usb.o
 .comment       0x00000000       0x47 obj\debug\hal\src\stm32f1xx_ll_usb.o
 .ARM.attributes
                0x00000000       0x33 obj\debug\hal\src\stm32f1xx_ll_usb.o
 .data          0x00000000        0x0 obj\debug\src\main.o
 .bss           0x00000000        0x0 obj\debug\src\main.o
 .text          0x00000000       0x14 obj\debug\src\startup_stm32f103xb.o
 .data          0x00000000        0x0 obj\debug\src\startup_stm32f103xb.o
 .bss           0x00000000        0x0 obj\debug\src\startup_stm32f103xb.o
 .data          0x00000000        0x0 obj\debug\~#\lib\freertosv8.2.3\freertos\source\list.o
 .bss           0x00000000        0x0 obj\debug\~#\lib\freertosv8.2.3\freertos\source\list.o
 .bss           0x00000000        0x0 obj\debug\~#\lib\freertosv8.2.3\freertos\source\portable\gcc\arm_cm3\port.o
 .data          0x00000000        0x0 obj\debug\~#\lib\freertosv8.2.3\freertos\source\portable\memmang\heap_5.o
 .rodata        0x00000000        0x4 obj\debug\~#\lib\freertosv8.2.3\freertos\source\portable\memmang\heap_5.o
 .text          0x00000000      0x980 obj\debug\~#\lib\freertosv8.2.3\freertos\source\queue.o
 .data          0x00000000        0x0 obj\debug\~#\lib\freertosv8.2.3\freertos\source\queue.o
 .bss           0x00000000        0x0 obj\debug\~#\lib\freertosv8.2.3\freertos\source\queue.o
 .debug_info    0x00000000      0xa71 obj\debug\~#\lib\freertosv8.2.3\freertos\source\queue.o
 .debug_abbrev  0x00000000      0x177 obj\debug\~#\lib\freertosv8.2.3\freertos\source\queue.o
 .debug_aranges
                0x00000000       0x20 obj\debug\~#\lib\freertosv8.2.3\freertos\source\queue.o
 .debug_line    0x00000000      0x3f8 obj\debug\~#\lib\freertosv8.2.3\freertos\source\queue.o
 .debug_str     0x00000000      0x66a obj\debug\~#\lib\freertosv8.2.3\freertos\source\queue.o
 .comment       0x00000000       0x47 obj\debug\~#\lib\freertosv8.2.3\freertos\source\queue.o
 .ARM.attributes
                0x00000000       0x33 obj\debug\~#\lib\freertosv8.2.3\freertos\source\queue.o
 .debug_frame   0x00000000      0x2f8 obj\debug\~#\lib\freertosv8.2.3\freertos\source\queue.o
 .data          0x00000000        0x0 obj\debug\~#\lib\freertosv8.2.3\freertos\source\tasks.o
 .text          0x00000000        0x0 c:/skuksenk/tools/embitz_042/share/em_armgcc/bin/../lib/gcc/arm-none-eabi/4.8.4/../../../../arm-none-eabi/lib/armv7-m\libg_n.a(lib_a-memcpy-stub.o)
 .data          0x00000000        0x0 c:/skuksenk/tools/embitz_042/share/em_armgcc/bin/../lib/gcc/arm-none-eabi/4.8.4/../../../../arm-none-eabi/lib/armv7-m\libg_n.a(lib_a-memcpy-stub.o)
 .bss           0x00000000        0x0 c:/skuksenk/tools/embitz_042/share/em_armgcc/bin/../lib/gcc/arm-none-eabi/4.8.4/../../../../arm-none-eabi/lib/armv7-m\libg_n.a(lib_a-memcpy-stub.o)
 .text.memcpy   0x00000000       0x12 c:/skuksenk/tools/embitz_042/share/em_armgcc/bin/../lib/gcc/arm-none-eabi/4.8.4/../../../../arm-none-eabi/lib/armv7-m\libg_n.a(lib_a-memcpy-stub.o)
 .ARM.attributes
                0x00000000       0x2d c:/skuksenk/tools/embitz_042/share/em_armgcc/bin/../lib/gcc/arm-none-eabi/4.8.4/../../../../arm-none-eabi/lib/armv7-m\libg_n.a(lib_a-memcpy-stub.o)
 .debug_frame   0x00000000       0x28 c:/skuksenk/tools/embitz_042/share/em_armgcc/bin/../lib/gcc/arm-none-eabi/4.8.4/../../../../arm-none-eabi/lib/armv7-m\libg_n.a(lib_a-memcpy-stub.o)
 .text          0x00000000        0x2 c:/skuksenk/tools/embitz_042/share/em_armgcc/bin/../lib/gcc/arm-none-eabi/4.8.4/../../../../arm-none-eabi/lib/armv7-m\libnosys_s.a(_exit.o)
 .data          0x00000000        0x0 c:/skuksenk/tools/embitz_042/share/em_armgcc/bin/../lib/gcc/arm-none-eabi/4.8.4/../../../../arm-none-eabi/lib/armv7-m\libnosys_s.a(_exit.o)
 .bss           0x00000000        0x0 c:/skuksenk/tools/embitz_042/share/em_armgcc/bin/../lib/gcc/arm-none-eabi/4.8.4/../../../../arm-none-eabi/lib/armv7-m\libnosys_s.a(_exit.o)
 .ARM.attributes
                0x00000000       0x2d c:/skuksenk/tools/embitz_042/share/em_armgcc/bin/../lib/gcc/arm-none-eabi/4.8.4/../../../../arm-none-eabi/lib/armv7-m\libnosys_s.a(_exit.o)
 .debug_frame   0x00000000       0x20 c:/skuksenk/tools/embitz_042/share/em_armgcc/bin/../lib/gcc/arm-none-eabi/4.8.4/../../../../arm-none-eabi/lib/armv7-m\libnosys_s.a(_exit.o)
 .text          0x00000000        0x0 c:/skuksenk/tools/embitz_042/share/em_armgcc/bin/../lib/gcc/arm-none-eabi/4.8.4/armv7-m/crtend.o
 .data          0x00000000        0x0 c:/skuksenk/tools/embitz_042/share/em_armgcc/bin/../lib/gcc/arm-none-eabi/4.8.4/armv7-m/crtend.o
 .bss           0x00000000        0x0 c:/skuksenk/tools/embitz_042/share/em_armgcc/bin/../lib/gcc/arm-none-eabi/4.8.4/armv7-m/crtend.o
 .eh_frame      0x00000000        0x4 c:/skuksenk/tools/embitz_042/share/em_armgcc/bin/../lib/gcc/arm-none-eabi/4.8.4/armv7-m/crtend.o
 .jcr           0x00000000        0x4 c:/skuksenk/tools/embitz_042/share/em_armgcc/bin/../lib/gcc/arm-none-eabi/4.8.4/armv7-m/crtend.o
 .ARM.attributes
                0x00000000       0x2d c:/skuksenk/tools/embitz_042/share/em_armgcc/bin/../lib/gcc/arm-none-eabi/4.8.4/armv7-m/crtend.o
 .text          0x00000000        0x0 c:/skuksenk/tools/embitz_042/share/em_armgcc/bin/../lib/gcc/arm-none-eabi/4.8.4/armv7-m/crtn.o
 .data          0x00000000        0x0 c:/skuksenk/tools/embitz_042/share/em_armgcc/bin/../lib/gcc/arm-none-eabi/4.8.4/armv7-m/crtn.o
 .bss           0x00000000        0x0 c:/skuksenk/tools/embitz_042/share/em_armgcc/bin/../lib/gcc/arm-none-eabi/4.8.4/armv7-m/crtn.o

Memory Configuration

Name             Origin             Length             Attributes
FLASH            0x08000000         0x00010000         xr
RAM              0x20000000         0x00005000         xrw
*default*        0x00000000         0xffffffff

Linker script and memory map

LOAD c:/skuksenk/tools/embitz_042/share/em_armgcc/bin/../lib/gcc/arm-none-eabi/4.8.4/armv7-m/crti.o
LOAD c:/skuksenk/tools/embitz_042/share/em_armgcc/bin/../lib/gcc/arm-none-eabi/4.8.4/armv7-m/crtbegin.o
LOAD c:/skuksenk/tools/embitz_042/share/em_armgcc/bin/../lib/gcc/arm-none-eabi/4.8.4/../../../../arm-none-eabi/lib/armv7-m/crt0.o
                0x00000000                __HEAP_SIZE = 0x0
                0x00000100                __STACK_SIZE = 0x100
                0x20005000                _estack = 0x20005000
                0x00000000                _Min_Heap_Size = 0x0
                0x00000400                _Min_Stack_Size = 0x400

.isr_vector     0x08000000      0x10c
                0x08000000                . = ALIGN (0x4)
 *(.isr_vector)
 .isr_vector    0x08000000      0x10c obj\debug\src\startup_stm32f103xb.o
                0x08000000                g_pfnVectors
                0x0800010c                . = ALIGN (0x4)

.text           0x0800010c     0x54e4
                0x0800010c                . = ALIGN (0x4)
 *(.text)
 .text          0x0800010c       0x54 c:/skuksenk/tools/embitz_042/share/em_armgcc/bin/../lib/gcc/arm-none-eabi/4.8.4/armv7-m/crtbegin.o
 .text          0x08000160      0x140 obj\debug\cmsis\src\system_stm32f1xx.o
                0x08000160                SystemInit
                0x080001c8                SystemCoreClockUpdate
 .text          0x080002a0      0x258 obj\debug\hal\src\stm32f1xx_hal.o
                0x080002a0                HAL_Init
                0x080002cc                HAL_DeInit
                0x080002fc                HAL_MspInit
                0x08000308                HAL_MspDeInit
                0x08000314                HAL_InitTick
                0x0800034c                HAL_IncTick
                0x080003ac                HAL_SuspendTick
                0x080003c8                HAL_ResumeTick
                0x080003e4                HAL_GetHalVersion
                0x080003f8                HAL_GetREVID
                0x08000434                HAL_GetDEVID
                0x08000450                HAL_DBGMCU_EnableDBGSleepMode
                0x0800046c                HAL_DBGMCU_DisableDBGSleepMode
                0x08000488                HAL_DBGMCU_EnableDBGStopMode
                0x080004a4                HAL_DBGMCU_DisableDBGStopMode
                0x080004c0                HAL_DBGMCU_EnableDBGStandbyMode
                0x080004dc                HAL_DBGMCU_DisableDBGStandbyMode
 .text          0x080004f8      0x52c obj\debug\hal\src\stm32f1xx_hal_cortex.o
                0x08000874                HAL_NVIC_SetPriorityGrouping
                0x08000888                HAL_NVIC_SetPriority
                0x080008c0                HAL_NVIC_EnableIRQ
                0x080008dc                HAL_NVIC_DisableIRQ
                0x080008f8                HAL_NVIC_SystemReset
                0x08000904                HAL_SYSTICK_Config
                0x0800091c                HAL_NVIC_GetPriorityGrouping
                0x0800092c                HAL_NVIC_GetPriority
                0x0800095c                HAL_NVIC_SetPendingIRQ
                0x08000978                HAL_NVIC_GetPendingIRQ
                0x08000998                HAL_NVIC_ClearPendingIRQ
                0x080009b4                HAL_NVIC_GetActive
                0x080009d4                HAL_SYSTICK_CLKSourceConfig
                0x08000a0c                HAL_SYSTICK_IRQHandler
                0x08000a18                HAL_SYSTICK_Callback
 .text          0x08000a24      0x558 obj\debug\hal\src\stm32f1xx_hal_gpio.o
                0x08000a24                HAL_GPIO_Init
                0x08000ce0                HAL_GPIO_DeInit
                0x08000e64                HAL_GPIO_ReadPin
                0x08000e94                HAL_GPIO_WritePin
                0x08000ec4                HAL_GPIO_TogglePin
                0x08000ee8                HAL_GPIO_LockPin
                0x08000f38                HAL_GPIO_EXTI_IRQHandler
                0x08000f68                HAL_GPIO_EXTI_Callback
 .text          0x08000f7c     0x2144 obj\debug\hal\src\stm32f1xx_hal_rcc.o
                0x08000f7c                HAL_RCC_DeInit
                0x08000ff4                HAL_RCC_OscConfig
                0x080024d8                HAL_RCC_ClockConfig
                0x08002c30                HAL_RCC_MCOConfig
                0x08002cac                HAL_RCC_EnableCSS
                0x08002ce8                HAL_RCC_DisableCSS
                0x08002d24                HAL_RCC_GetSysClockFreq
                0x08002e2c                HAL_RCC_GetHCLKFreq
                0x08002e80                HAL_RCC_GetPCLK1Freq
                0x08002ecc                HAL_RCC_GetPCLK2Freq
                0x08002f18                HAL_RCC_GetOscConfig
                0x08003030                HAL_RCC_GetClockConfig
                0x08003090                HAL_RCC_NMI_IRQHandler
                0x080030b4                HAL_RCC_CSSCallback
 .text          0x080030c0      0x120 obj\debug\src\main.o
                0x08003110                HAL_GetTick
                0x08003120                HAL_Delay
                0x08003144                SystemClock_Config
                0x08003198                main
 .text          0x080031e0      0x164 obj\debug\~#\lib\freertosv8.2.3\freertos\source\list.o
                0x080031e0                vListInitialise
                0x08003220                vListInitialiseItem
                0x08003238                vListInsertEnd
                0x08003280                vListInsert
                0x080032f0                uxListRemove
 .text          0x08003344      0x200 obj\debug\~#\lib\freertosv8.2.3\freertos\source\portable\gcc\arm_cm3\port.o
                0x08003344                pxPortInitialiseStack
                0x080033a8                SVC_Handler
                0x080033e8                xPortStartScheduler
                0x08003424                vPortEndScheduler
                0x08003430                vPortYield
                0x08003450                vPortEnterCritical
                0x08003470                vPortExitCritical
                0x08003494                ulPortSetInterruptMask
                0x080034a8                vPortClearInterruptMask
                0x080034b0                PendSV_Handler
                0x080034f4                SysTick_Handler
                0x0800351c                vPortSetupTimerInterrupt
 .text          0x08003544      0x380 obj\debug\~#\lib\freertosv8.2.3\freertos\source\portable\memmang\heap_5.o
                0x08003544                pvPortMalloc
                0x08003660                vPortFree
                0x080036d0                xPortGetFreeHeapSize
                0x080036e8                xPortGetMinimumEverFreeHeapSize
                0x080037b0                vPortDefineHeapRegions
 .text          0x080038c4     0x1aec obj\debug\~#\lib\freertosv8.2.3\freertos\source\tasks.o
                0x080038c4                xTaskGenericCreate
                0x08003a00                vTaskDelete
                0x08003ad4                vTaskDelayUntil
                0x08003b8c                vTaskDelay
                0x08003c00                uxTaskPriorityGet
                0x08003c34                uxTaskPriorityGetFromISR
                0x08003c6c                vTaskPrioritySet
                0x08003d9c                vTaskSuspend
                0x08003ed8                vTaskResume
                0x08003f64                xTaskResumeFromISR
                0x0800400c                vTaskStartScheduler
                0x0800406c                vTaskEndScheduler
                0x08004084                vTaskSuspendAll
                0x080040a0                xTaskResumeAll
                0x0800419c                xTaskGetTickCount
                0x080041bc                xTaskGetTickCountFromISR
                0x080041e0                uxTaskGetNumberOfTasks
                0x080041f8                uxTaskGetSystemState
                0x080042f0                xTaskIncrementTick
                0x0800444c                vTaskSwitchContext
                0x080044d8                vTaskPlaceOnEventList
                0x08004558                vTaskPlaceOnUnorderedEventList
                0x080045e8                xTaskRemoveFromEventList
                0x08004690                xTaskRemoveFromUnorderedEventList
                0x08004720                vTaskSetTimeOutState
                0x0800474c                xTaskCheckForTimeOut
                0x080047d4                vTaskMissedYield
                0x080047ec                uxTaskGetTaskNumber
                0x08004818                vTaskSetTaskNumber
                0x08004c84                xTaskGetCurrentTaskHandle
                0x08004ca4                vTaskPriorityInherit
                0x08004d90                xTaskPriorityDisinherit
                0x08004e58                uxTaskResetEventItemValue
                0x08004e88                pvTaskIncrementMutexHeldCount
                0x08004eb0                ulTaskNotifyTake
                0x08004f88                xTaskNotifyWait
                0x08005084                xTaskGenericNotify
                0x08005180                xTaskGenericNotifyFromISR
                0x080052a4                vTaskNotifyGiveFromISR
                0x08005360                xTaskNotifyStateClear
 *(.text*)
 .text.__libc_init_array
                0x080053b0       0x50 c:/skuksenk/tools/embitz_042/share/em_armgcc/bin/../lib/gcc/arm-none-eabi/4.8.4/../../../../arm-none-eabi/lib/armv7-m\libc.a(lib_a-init.o)
                0x080053b0                __libc_init_array
 .text.memset   0x08005400       0x94 c:/skuksenk/tools/embitz_042/share/em_armgcc/bin/../lib/gcc/arm-none-eabi/4.8.4/../../../../arm-none-eabi/lib/armv7-m\libc.a(lib_a-memset.o)
                0x08005400                memset
 .text.startup.register_fini
                0x08005494       0x14 c:/skuksenk/tools/embitz_042/share/em_armgcc/bin/../lib/gcc/arm-none-eabi/4.8.4/../../../../arm-none-eabi/lib/armv7-m\libc.a(lib_a-__call_atexit.o)
 .text.atexit   0x080054a8        0xc c:/skuksenk/tools/embitz_042/share/em_armgcc/bin/../lib/gcc/arm-none-eabi/4.8.4/../../../../arm-none-eabi/lib/armv7-m\libc.a(lib_a-atexit.o)
                0x080054a8                atexit
 .text.__libc_fini_array
                0x080054b4       0x30 c:/skuksenk/tools/embitz_042/share/em_armgcc/bin/../lib/gcc/arm-none-eabi/4.8.4/../../../../arm-none-eabi/lib/armv7-m\libc.a(lib_a-fini.o)
                0x080054b4                __libc_fini_array
 .text.__register_exitproc
                0x080054e4       0xa8 c:/skuksenk/tools/embitz_042/share/em_armgcc/bin/../lib/gcc/arm-none-eabi/4.8.4/../../../../arm-none-eabi/lib/armv7-m\libc.a(lib_a-__atexit.o)
                0x080054e4                __register_exitproc
 .text.Reset_Handler
                0x0800558c       0x48 obj\debug\src\startup_stm32f103xb.o
                0x0800558c                Reset_Handler
 .text.Default_Handler
                0x080055d4        0x2 obj\debug\src\startup_stm32f103xb.o
                0x080055d4                RTC_Alarm_IRQHandler
                0x080055d4                EXTI2_IRQHandler
                0x080055d4                DebugMon_Handler
                0x080055d4                TIM1_CC_IRQHandler
                0x080055d4                HardFault_Handler
                0x080055d4                PVD_IRQHandler
                0x080055d4                NMI_Handler
                0x080055d4                EXTI3_IRQHandler
                0x080055d4                EXTI0_IRQHandler
                0x080055d4                I2C2_EV_IRQHandler
                0x080055d4                UsageFault_Handler
                0x080055d4                ADC1_2_IRQHandler
                0x080055d4                SPI1_IRQHandler
                0x080055d4                TAMPER_IRQHandler
                0x080055d4                DMA1_Channel4_IRQHandler
                0x080055d4                USART3_IRQHandler
                0x080055d4                RTC_IRQHandler
                0x080055d4                DMA1_Channel7_IRQHandler
                0x080055d4                CAN1_RX1_IRQHandler
                0x080055d4                TIM4_IRQHandler
                0x080055d4                I2C1_EV_IRQHandler
                0x080055d4                DMA1_Channel6_IRQHandler
                0x080055d4                TIM3_IRQHandler
                0x080055d4                RCC_IRQHandler
                0x080055d4                TIM1_TRG_COM_IRQHandler
                0x080055d4                DMA1_Channel1_IRQHandler
                0x080055d4                Default_Handler
                0x080055d4                EXTI15_10_IRQHandler
                0x080055d4                EXTI9_5_IRQHandler
                0x080055d4                SPI2_IRQHandler
                0x080055d4                MemManage_Handler
                0x080055d4                DMA1_Channel5_IRQHandler
                0x080055d4                EXTI4_IRQHandler
                0x080055d4                USB_LP_CAN1_RX0_IRQHandler
                0x080055d4                USB_HP_CAN1_TX_IRQHandler
                0x080055d4                DMA1_Channel3_IRQHandler
                0x080055d4                TIM1_UP_IRQHandler
                0x080055d4                WWDG_IRQHandler
                0x080055d4                TIM2_IRQHandler
                0x080055d4                TIM1_BRK_IRQHandler
                0x080055d4                EXTI1_IRQHandler
                0x080055d4                USART2_IRQHandler
                0x080055d4                I2C2_ER_IRQHandler
                0x080055d4                DMA1_Channel2_IRQHandler
                0x080055d4                CAN1_SCE_IRQHandler
                0x080055d4                FLASH_IRQHandler
                0x080055d4                BusFault_Handler
                0x080055d4                USART1_IRQHandler
                0x080055d4                I2C1_ER_IRQHandler
                0x080055d4                USBWakeUp_IRQHandler
 *(.glue_7)
 .glue_7        0x00000000        0x0 linker stubs
 *(.glue_7t)
 .glue_7t       0x00000000        0x0 linker stubs
 *(.eh_frame)
 *fill*         0x080055d6        0x2 
 .eh_frame      0x080055d8        0x0 c:/skuksenk/tools/embitz_042/share/em_armgcc/bin/../lib/gcc/arm-none-eabi/4.8.4/armv7-m/crtbegin.o
 *(.init)
 .init          0x080055d8        0x4 c:/skuksenk/tools/embitz_042/share/em_armgcc/bin/../lib/gcc/arm-none-eabi/4.8.4/armv7-m/crti.o
                0x080055d8                _init
 .init          0x080055dc        0x8 c:/skuksenk/tools/embitz_042/share/em_armgcc/bin/../lib/gcc/arm-none-eabi/4.8.4/armv7-m/crtn.o
 *(.fini)
 .fini          0x080055e4        0x4 c:/skuksenk/tools/embitz_042/share/em_armgcc/bin/../lib/gcc/arm-none-eabi/4.8.4/armv7-m/crti.o
                0x080055e4                _fini
 .fini          0x080055e8        0x8 c:/skuksenk/tools/embitz_042/share/em_armgcc/bin/../lib/gcc/arm-none-eabi/4.8.4/armv7-m/crtn.o
                0x080055f0                . = ALIGN (0x4)
                0x080055f0                _etext = .

.vfp11_veneer   0x080055f0        0x0
 .vfp11_veneer  0x00000000        0x0 linker stubs

.v4_bx          0x080055f0        0x0
 .v4_bx         0x00000000        0x0 linker stubs

.iplt           0x080055f0        0x0
 .iplt          0x00000000        0x0 c:/skuksenk/tools/embitz_042/share/em_armgcc/bin/../lib/gcc/arm-none-eabi/4.8.4/armv7-m/crtbegin.o

.rodata         0x080055f0       0x5c
                0x080055f0                . = ALIGN (0x4)
 *(.rodata)
 .rodata        0x080055f0       0x10 obj\debug\cmsis\src\system_stm32f1xx.o
                0x080055f0                AHBPrescTable
 .rodata        0x08005600       0x24 obj\debug\hal\src\stm32f1xx_hal_rcc.o
                0x08005600                aAPBAHBPrescTable
 .rodata        0x08005624       0x18 obj\debug\src\main.o
                0x08005624                xHeapRegions
 .rodata        0x0800563c        0x8 obj\debug\~#\lib\freertosv8.2.3\freertos\source\tasks.o
 *(.rodata*)
 .rodata.str1.4
                0x08005644        0x4 c:/skuksenk/tools/embitz_042/share/em_armgcc/bin/../lib/gcc/arm-none-eabi/4.8.4/../../../../arm-none-eabi/lib/armv7-m\libc.a(lib_a-impure.o)
 .rodata._global_impure_ptr
                0x08005648        0x4 c:/skuksenk/tools/embitz_042/share/em_armgcc/bin/../lib/gcc/arm-none-eabi/4.8.4/../../../../arm-none-eabi/lib/armv7-m\libc.a(lib_a-impure.o)
                0x08005648                _global_impure_ptr
                0x0800564c                . = ALIGN (0x4)

.rel.dyn        0x0800564c        0x0
 .rel.iplt      0x00000000        0x0 c:/skuksenk/tools/embitz_042/share/em_armgcc/bin/../lib/gcc/arm-none-eabi/4.8.4/armv7-m/crtbegin.o

.ARM.extab
 *(.ARM.extab* .gnu.linkonce.armextab.*)

.ARM            0x0800564c        0x0
                0x0800564c                __exidx_start = .
 *(.ARM.exidx*)
                0x0800564c                __exidx_end = .

.preinit_array  0x0800564c        0x0
                0x0800564c                PROVIDE (__preinit_array_start, .)
 *(.preinit_array*)
                0x0800564c                PROVIDE (__preinit_array_end, .)

.init_array     0x0800564c        0x8
                0x0800564c                PROVIDE (__init_array_start, .)
 *(SORT(.init_array.*))
 .init_array.00000
                0x0800564c        0x4 c:/skuksenk/tools/embitz_042/share/em_armgcc/bin/../lib/gcc/arm-none-eabi/4.8.4/../../../../arm-none-eabi/lib/armv7-m\libc.a(lib_a-__call_atexit.o)
 *(.init_array*)
 .init_array    0x08005650        0x4 c:/skuksenk/tools/embitz_042/share/em_armgcc/bin/../lib/gcc/arm-none-eabi/4.8.4/armv7-m/crtbegin.o
                0x08005654                PROVIDE (__init_array_end, .)

.fini_array     0x08005654        0x4
                0x08005654                PROVIDE (__fini_array_start, .)
 *(SORT(.fini_array.*))
 *(.fini_array*)
 .fini_array    0x08005654        0x4 c:/skuksenk/tools/embitz_042/share/em_armgcc/bin/../lib/gcc/arm-none-eabi/4.8.4/armv7-m/crtbegin.o
                0x08005658                PROVIDE (__fini_array_end, .)
                0x08005658                _sidata = LOADADDR (.data)

.data           0x20000000      0x430 load address 0x08005658
                0x20000000                . = ALIGN (0x4)
                0x20000000                _sdata = .
 *(.data)
 .data          0x20000000        0x4 obj\debug\cmsis\src\system_stm32f1xx.o
                0x20000000                SystemCoreClock
 .data          0x20000004        0x4 obj\debug\~#\lib\freertosv8.2.3\freertos\source\portable\gcc\arm_cm3\port.o
 *(.data*)
 .data.impure_data
                0x20000008      0x428 c:/skuksenk/tools/embitz_042/share/em_armgcc/bin/../lib/gcc/arm-none-eabi/4.8.4/../../../../arm-none-eabi/lib/armv7-m\libc.a(lib_a-impure.o)
                0x20000430                . = ALIGN (0x4)
                0x20000430                _edata = .

.jcr            0x20000430        0x0 load address 0x08005a88
 .jcr           0x20000430        0x0 c:/skuksenk/tools/embitz_042/share/em_armgcc/bin/../lib/gcc/arm-none-eabi/4.8.4/armv7-m/crtbegin.o

.igot.plt       0x20000430        0x0 load address 0x08005a88
 .igot.plt      0x00000000        0x0 c:/skuksenk/tools/embitz_042/share/em_armgcc/bin/../lib/gcc/arm-none-eabi/4.8.4/armv7-m/crtbegin.o
                0x20000430                . = ALIGN (0x4)

.bss            0x20000430      0x138 load address 0x08005a88
                0x20000430                _sbss = .
                0x20000430                __bss_start__ = _sbss
 *(.bss)
 .bss           0x20000430       0x1c c:/skuksenk/tools/embitz_042/share/em_armgcc/bin/../lib/gcc/arm-none-eabi/4.8.4/armv7-m/crtbegin.o
 .bss           0x2000044c        0x4 obj\debug\hal\src\stm32f1xx_hal.o
 .bss           0x20000450       0x18 obj\debug\~#\lib\freertosv8.2.3\freertos\source\portable\memmang\heap_5.o
 .bss           0x20000468      0x100 obj\debug\~#\lib\freertosv8.2.3\freertos\source\tasks.o
                0x20000468                pxCurrentTCB
 *(.bss*)
 *(COMMON)
                0x20000568                . = ALIGN (0x4)
                0x20000568                _ebss = .
                0x20000568                __bss_end__ = _ebss

._user_heap_stack
                0x20000568      0x400 load address 0x08005a88
                0x20000568                . = ALIGN (0x4)
                0x20000568                PROVIDE (end, .)
                0x20000568                PROVIDE (_end, .)
                0x20000568                . = (. + _Min_Heap_Size)
                0x20000968                . = (. + _Min_Stack_Size)
 *fill*         0x20000568      0x400 
                0x20000968                . = ALIGN (0x4)

/DISCARD/
 libc.a(*)
 libm.a(*)
 libgcc.a(*)

.ARM.attributes
                0x00000000       0x29
 *(.ARM.attributes)
 .ARM.attributes
                0x00000000       0x1d c:/skuksenk/tools/embitz_042/share/em_armgcc/bin/../lib/gcc/arm-none-eabi/4.8.4/armv7-m/crti.o
 .ARM.attributes
                0x0000001d       0x2d c:/skuksenk/tools/embitz_042/share/em_armgcc/bin/../lib/gcc/arm-none-eabi/4.8.4/armv7-m/crtbegin.o
 .ARM.attributes
                0x0000004a       0x33 obj\debug\cmsis\src\system_stm32f1xx.o
 .ARM.attributes
                0x0000007d       0x33 obj\debug\hal\src\stm32f1xx_hal.o
 .ARM.attributes
                0x000000b0       0x33 obj\debug\hal\src\stm32f1xx_hal_cortex.o
 .ARM.attributes
                0x000000e3       0x33 obj\debug\hal\src\stm32f1xx_hal_gpio.o
 .ARM.attributes
                0x00000116       0x33 obj\debug\hal\src\stm32f1xx_hal_rcc.o
 .ARM.attributes
                0x00000149       0x33 obj\debug\src\main.o
 .ARM.attributes
                0x0000017c       0x21 obj\debug\src\startup_stm32f103xb.o
 .ARM.attributes
                0x0000019d       0x33 obj\debug\~#\lib\freertosv8.2.3\freertos\source\list.o
 .ARM.attributes
                0x000001d0       0x33 obj\debug\~#\lib\freertosv8.2.3\freertos\source\portable\gcc\arm_cm3\port.o
 .ARM.attributes
                0x00000203       0x33 obj\debug\~#\lib\freertosv8.2.3\freertos\source\portable\memmang\heap_5.o
 .ARM.attributes
                0x00000236       0x33 obj\debug\~#\lib\freertosv8.2.3\freertos\source\tasks.o
 .ARM.attributes
                0x00000269       0x1d c:/skuksenk/tools/embitz_042/share/em_armgcc/bin/../lib/gcc/arm-none-eabi/4.8.4/armv7-m/crtn.o
LOAD obj\debug\cmsis\src\system_stm32f1xx.o
LOAD obj\debug\hal\src\stm32f1xx_hal.o
LOAD obj\debug\hal\src\stm32f1xx_hal_cortex.o
LOAD obj\debug\hal\src\stm32f1xx_hal_flash.o
LOAD obj\debug\hal\src\stm32f1xx_hal_flash_ex.o
LOAD obj\debug\hal\src\stm32f1xx_hal_gpio.o
LOAD obj\debug\hal\src\stm32f1xx_hal_pcd.o
LOAD obj\debug\hal\src\stm32f1xx_hal_pcd_ex.o
LOAD obj\debug\hal\src\stm32f1xx_hal_pwr.o
LOAD obj\debug\hal\src\stm32f1xx_hal_rcc.o
LOAD obj\debug\hal\src\stm32f1xx_hal_rcc_ex.o
LOAD obj\debug\hal\src\stm32f1xx_ll_usb.o
LOAD obj\debug\src\main.o
LOAD obj\debug\src\startup_stm32f103xb.o
LOAD obj\debug\~#\lib\freertosv8.2.3\freertos\source\list.o
LOAD obj\debug\~#\lib\freertosv8.2.3\freertos\source\portable\gcc\arm_cm3\port.o
LOAD obj\debug\~#\lib\freertosv8.2.3\freertos\source\portable\memmang\heap_5.o
LOAD obj\debug\~#\lib\freertosv8.2.3\freertos\source\queue.o
LOAD obj\debug\~#\lib\freertosv8.2.3\freertos\source\tasks.o
START GROUP
LOAD c:/skuksenk/tools/embitz_042/share/em_armgcc/bin/../lib/gcc/arm-none-eabi/4.8.4/armv7-m\libgcc.a
LOAD c:/skuksenk/tools/embitz_042/share/em_armgcc/bin/../lib/gcc/arm-none-eabi/4.8.4/../../../../arm-none-eabi/lib/armv7-m\libg_n.a
LOAD c:/skuksenk/tools/embitz_042/share/em_armgcc/bin/../lib/gcc/arm-none-eabi/4.8.4/../../../../arm-none-eabi/lib/armv7-m\libc_n.a
END GROUP
START GROUP
LOAD c:/skuksenk/tools/embitz_042/share/em_armgcc/bin/../lib/gcc/arm-none-eabi/4.8.4/armv7-m\libgcc.a
LOAD c:/skuksenk/tools/embitz_042/share/em_armgcc/bin/../lib/gcc/arm-none-eabi/4.8.4/../../../../arm-none-eabi/lib/armv7-m\libc_n.a
LOAD c:/skuksenk/tools/embitz_042/share/em_armgcc/bin/../lib/gcc/arm-none-eabi/4.8.4/../../../../arm-none-eabi/lib/armv7-m\libnosys_s.a
END GROUP
LOAD c:/skuksenk/tools/embitz_042/share/em_armgcc/bin/../lib/gcc/arm-none-eabi/4.8.4/armv7-m/crtend.o
LOAD c:/skuksenk/tools/embitz_042/share/em_armgcc/bin/../lib/gcc/arm-none-eabi/4.8.4/armv7-m/crtn.o
OUTPUT(bin\Debug\FlightPanel.elf elf32-littlearm)

.debug_info     0x00000000     0x6313
 .debug_info    0x00000000      0x399 obj\debug\cmsis\src\system_stm32f1xx.o
 .debug_info    0x00000399      0x643 obj\debug\hal\src\stm32f1xx_hal.o
 .debug_info    0x000009dc      0xa9f obj\debug\hal\src\stm32f1xx_hal_cortex.o
 .debug_info    0x0000147b      0x5e2 obj\debug\hal\src\stm32f1xx_hal_gpio.o
 .debug_info    0x00001a5d     0x263c obj\debug\hal\src\stm32f1xx_hal_rcc.o
 .debug_info    0x00004099      0x495 obj\debug\src\main.o
 .debug_info    0x0000452e       0x64 obj\debug\src\startup_stm32f103xb.o
 .debug_info    0x00004592      0x29d obj\debug\~#\lib\freertosv8.2.3\freertos\source\list.o
 .debug_info    0x0000482f      0x238 obj\debug\~#\lib\freertosv8.2.3\freertos\source\portable\gcc\arm_cm3\port.o
 .debug_info    0x00004a67      0x346 obj\debug\~#\lib\freertosv8.2.3\freertos\source\portable\memmang\heap_5.o
 .debug_info    0x00004dad     0x1566 obj\debug\~#\lib\freertosv8.2.3\freertos\source\tasks.o

.debug_abbrev   0x00000000     0x1141
 .debug_abbrev  0x00000000      0x120 obj\debug\cmsis\src\system_stm32f1xx.o
 .debug_abbrev  0x00000120      0x1fe obj\debug\hal\src\stm32f1xx_hal.o
 .debug_abbrev  0x0000031e      0x265 obj\debug\hal\src\stm32f1xx_hal_cortex.o
 .debug_abbrev  0x00000583      0x1aa obj\debug\hal\src\stm32f1xx_hal_gpio.o
 .debug_abbrev  0x0000072d      0x2b6 obj\debug\hal\src\stm32f1xx_hal_rcc.o
 .debug_abbrev  0x000009e3      0x16e obj\debug\src\main.o
 .debug_abbrev  0x00000b51       0x12 obj\debug\src\startup_stm32f103xb.o
 .debug_abbrev  0x00000b63       0xbe obj\debug\~#\lib\freertosv8.2.3\freertos\source\list.o
 .debug_abbrev  0x00000c21      0x162 obj\debug\~#\lib\freertosv8.2.3\freertos\source\portable\gcc\arm_cm3\port.o
 .debug_abbrev  0x00000d83      0x148 obj\debug\~#\lib\freertosv8.2.3\freertos\source\portable\memmang\heap_5.o
 .debug_abbrev  0x00000ecb      0x276 obj\debug\~#\lib\freertosv8.2.3\freertos\source\tasks.o

.debug_aranges  0x00000000      0x168
 .debug_aranges
                0x00000000       0x20 obj\debug\cmsis\src\system_stm32f1xx.o
 .debug_aranges
                0x00000020       0x20 obj\debug\hal\src\stm32f1xx_hal.o
 .debug_aranges
                0x00000040       0x20 obj\debug\hal\src\stm32f1xx_hal_cortex.o
 .debug_aranges
                0x00000060       0x20 obj\debug\hal\src\stm32f1xx_hal_gpio.o
 .debug_aranges
                0x00000080       0x20 obj\debug\hal\src\stm32f1xx_hal_rcc.o
 .debug_aranges
                0x000000a0       0x20 obj\debug\src\main.o
 .debug_aranges
                0x000000c0       0x28 obj\debug\src\startup_stm32f103xb.o
 .debug_aranges
                0x000000e8       0x20 obj\debug\~#\lib\freertosv8.2.3\freertos\source\list.o
 .debug_aranges
                0x00000108       0x20 obj\debug\~#\lib\freertosv8.2.3\freertos\source\portable\gcc\arm_cm3\port.o
 .debug_aranges
                0x00000128       0x20 obj\debug\~#\lib\freertosv8.2.3\freertos\source\portable\memmang\heap_5.o
 .debug_aranges
                0x00000148       0x20 obj\debug\~#\lib\freertosv8.2.3\freertos\source\tasks.o

.debug_line     0x00000000     0x2a0b
 .debug_line    0x00000000      0x15d obj\debug\cmsis\src\system_stm32f1xx.o
 .debug_line    0x0000015d      0x208 obj\debug\hal\src\stm32f1xx_hal.o
 .debug_line    0x00000365      0x27e obj\debug\hal\src\stm32f1xx_hal_cortex.o
 .debug_line    0x000005e3      0x2aa obj\debug\hal\src\stm32f1xx_hal_gpio.o
 .debug_line    0x0000088d     0x10bf obj\debug\hal\src\stm32f1xx_hal_rcc.o
 .debug_line    0x0000194c      0x28b obj\debug\src\main.o
 .debug_line    0x00001bd7       0x76 obj\debug\src\startup_stm32f103xb.o
 .debug_line    0x00001c4d      0x1c7 obj\debug\~#\lib\freertosv8.2.3\freertos\source\list.o
 .debug_line    0x00001e14      0x1c8 obj\debug\~#\lib\freertosv8.2.3\freertos\source\portable\gcc\arm_cm3\port.o
 .debug_line    0x00001fdc      0x2a4 obj\debug\~#\lib\freertosv8.2.3\freertos\source\portable\memmang\heap_5.o
 .debug_line    0x00002280      0x78b obj\debug\~#\lib\freertosv8.2.3\freertos\source\tasks.o

.debug_str      0x00000000     0x1f8a
 .debug_str     0x00000000      0x207 obj\debug\cmsis\src\system_stm32f1xx.o
                                0x26d (size before relaxing)
 .debug_str     0x00000207      0x50f obj\debug\hal\src\stm32f1xx_hal.o
                                0x6bb (size before relaxing)
 .debug_str     0x00000716      0x2ac obj\debug\hal\src\stm32f1xx_hal_cortex.o
                                0x85a (size before relaxing)
 .debug_str     0x000009c2      0x1ba obj\debug\hal\src\stm32f1xx_hal_gpio.o
                                0x3b5 (size before relaxing)
 .debug_str     0x00000b7c      0x2eb obj\debug\hal\src\stm32f1xx_hal_rcc.o
                                0x57d (size before relaxing)
 .debug_str     0x00000e67       0x8f obj\debug\src\main.o
                                0x3c7 (size before relaxing)
 .debug_str     0x00000ef6      0x14a obj\debug\~#\lib\freertosv8.2.3\freertos\source\list.o
                                0x297 (size before relaxing)
 .debug_str     0x00001040      0x198 obj\debug\~#\lib\freertosv8.2.3\freertos\source\portable\gcc\arm_cm3\port.o
                                0x2f2 (size before relaxing)
 .debug_str     0x000011d8      0x236 obj\debug\~#\lib\freertosv8.2.3\freertos\source\portable\memmang\heap_5.o
                                0x3b1 (size before relaxing)
 .debug_str     0x0000140e      0xb7c obj\debug\~#\lib\freertosv8.2.3\freertos\source\tasks.o
                                0xe0f (size before relaxing)

.comment        0x00000000       0x46
 .comment       0x00000000       0x46 obj\debug\cmsis\src\system_stm32f1xx.o
                                 0x47 (size before relaxing)
 .comment       0x00000000       0x47 obj\debug\hal\src\stm32f1xx_hal.o
 .comment       0x00000000       0x47 obj\debug\hal\src\stm32f1xx_hal_cortex.o
 .comment       0x00000000       0x47 obj\debug\hal\src\stm32f1xx_hal_gpio.o
 .comment       0x00000000       0x47 obj\debug\hal\src\stm32f1xx_hal_rcc.o
 .comment       0x00000000       0x47 obj\debug\src\main.o
 .comment       0x00000000       0x47 obj\debug\~#\lib\freertosv8.2.3\freertos\source\list.o
 .comment       0x00000000       0x47 obj\debug\~#\lib\freertosv8.2.3\freertos\source\portable\gcc\arm_cm3\port.o
 .comment       0x00000000       0x47 obj\debug\~#\lib\freertosv8.2.3\freertos\source\portable\memmang\heap_5.o
 .comment       0x00000000       0x47 obj\debug\~#\lib\freertosv8.2.3\freertos\source\tasks.o

.debug_frame    0x00000000     0x11a8
 .debug_frame   0x00000000       0x44 obj\debug\cmsis\src\system_stm32f1xx.o
 .debug_frame   0x00000044      0x1f4 obj\debug\hal\src\stm32f1xx_hal.o
 .debug_frame   0x00000238      0x35c obj\debug\hal\src\stm32f1xx_hal_cortex.o
 .debug_frame   0x00000594       0xf4 obj\debug\hal\src\stm32f1xx_hal_gpio.o
 .debug_frame   0x00000688      0x1b0 obj\debug\hal\src\stm32f1xx_hal_rcc.o
 .debug_frame   0x00000838       0xac obj\debug\src\main.o
 .debug_frame   0x000008e4       0x9c obj\debug\~#\lib\freertosv8.2.3\freertos\source\list.o
 .debug_frame   0x00000980      0x150 obj\debug\~#\lib\freertosv8.2.3\freertos\source\portable\gcc\arm_cm3\port.o
 .debug_frame   0x00000ad0       0xb8 obj\debug\~#\lib\freertosv8.2.3\freertos\source\portable\memmang\heap_5.o
 .debug_frame   0x00000b88      0x620 obj\debug\~#\lib\freertosv8.2.3\freertos\source\tasks.o

.debug_ranges   0x00000000       0x20
 .debug_ranges  0x00000000       0x20 obj\debug\src\startup_stm32f103xb.o
